============================= test session starts ==============================
platform linux -- Python 3.14.7, pytest-9.1.1, pluggy-1.6.0
rootdir: /home/aarush/Myoffice/hackathons/SIH
plugins: anyio-4.15.1
collected 11 items

tests/test_security_hardening.py .                                       [  9%]
tests/test_blocker_removal_authz_sessions.py ..........                  [100%]

=============================== warnings summary ===============================
.venv/lib64/python3.14/site-packages/fastapi/testclient.py:1
  /home/aarush/Myoffice/hackathons/SIH/.venv/lib64/python3.14/site-packages/fastapi/testclient.py:1: StarletteDeprecationWarning: Using `httpx` with `starlette.testclient` is deprecated; install `httpx2` instead.
    from starlette.testclient import TestClient as TestClient  # noqa

.venv/lib64/python3.14/site-packages/starlette/testclient.py:53
  /home/aarush/Myoffice/hackathons/SIH/.venv/lib64/python3.14/site-packages/starlette/testclient.py:53: DeprecationWarning: The anyio.abc.BlockingPortal alias is deprecated, use anyio.from_thread.BlockingPortal instead.
    _PortalFactoryType = Callable[[], AbstractContextManager[anyio.abc.BlockingPortal]]

.venv/lib64/python3.14/site-packages/scapy/layers/tls/crypto/groups.py:25
  /home/aarush/Myoffice/hackathons/SIH/.venv/lib64/python3.14/site-packages/scapy/layers/tls/crypto/groups.py:25: CryptographyDeprecationWarning: Diffie-Hellman over finite fields (FFDH) is deprecated and support will be removed in a future release. Use a more modern key exchange algorithm.
    from cryptography.hazmat.primitives.asymmetric.dh import DHParameterNumbers

.venv/lib64/python3.14/site-packages/shap/plots/colors/_colors.py:47
  /home/aarush/Myoffice/hackathons/SIH/.venv/lib64/python3.14/site-packages/shap/plots/colors/_colors.py:47: PendingDeprecationWarning: The set_bad function will be deprecated in a future version. Use cmap.with_extremes(bad=...) or Colormap(bad=...) instead.
    red_blue.set_bad(gray_rgb.tolist(), 1.0)

.venv/lib64/python3.14/site-packages/shap/plots/colors/_colors.py:48
  /home/aarush/Myoffice/hackathons/SIH/.venv/lib64/python3.14/site-packages/shap/plots/colors/_colors.py:48: PendingDeprecationWarning: The set_over function will be deprecated in a future version. Use cmap.with_extremes(over=...) or Colormap(over=...) instead.
    red_blue.set_over(gray_rgb.tolist(), 1.0)

.venv/lib64/python3.14/site-packages/shap/plots/colors/_colors.py:49
  /home/aarush/Myoffice/hackathons/SIH/.venv/lib64/python3.14/site-packages/shap/plots/colors/_colors.py:49: PendingDeprecationWarning: The set_under function will be deprecated in a future version. Use cmap.with_extremes(under=...) or Colormap(under=...) instead.
    red_blue.set_under(gray_rgb.tolist(), 1.0)  # "under" is incorrectly used instead of "bad" in the scatter plot

-- Docs: https://docs.pytest.org/en/stable/how-to/capture-warnings.html
======================== 11 passed, 6 warnings in 3.60s ========================
