File name:           samples/wireshark_real_imap.pcap
File type:           Wireshark/tcpdump/... - pcap
File encapsulation:  Ethernet
File timestamp precision:  microseconds (6)
Packet size limit:   file hdr: 65535 bytes
Number of packets:   124
File size:           31 kB
Data size:           29 kB
Capture duration:    25.781028 seconds
Earliest packet time: 1999-11-12 03:25:27.542818
Latest packet time:   1999-11-12 03:25:53.323846
Data byte rate:      1,140 bytes/s
Data bit rate:       9,125 bits/s
Average packet size: 237.17 bytes
Average packet rate: 4 packets/s
SHA256:              fa9a9bcca7b7f2943d740d46b075565b0dbbcc0f60ab321bf577a7be9724b5a8
SHA1:                ea2a27c8dd4f9ecbc04ca67c70b37386d98a0c10
Strict time order:   False
Number of interfaces in file: 1
Interface #0 info:
                     Encapsulation = Ethernet (1 - ether)
                     Capture length = 65535
                     Time precision = microseconds (6)
                     Time ticks per second = 1000000
                     Number of stat entries = 0
                     Number of packets = 124
